2026-09-26T12:22:48Z build=1 pid=6229 launched from /Applications/SparkleProbe.app
2026-09-26T12:22:48Z build=1 pid=6229 signature: cdhash=006745f3820d45ed21d26d6df805b19cd5c617ba team=none adhoc=true
2026-09-26T12:22:48Z build=1 pid=6229 signature: valid=true status=0
2026-09-26T12:22:48Z build=1 pid=6229 quarantine: none on /Applications/SparkleProbe.app
2026-09-26T12:22:48Z build=1 pid=6229 sparkle: allowedChannels=[]
2026-09-26T12:22:48Z build=1 pid=6229 sparkle: allowedChannels=[]
2026-09-26T12:22:48Z build=1 pid=6229 driver: checking
2026-09-26T12:22:48Z build=1 pid=6229 keychain: SecItemCopyMatching returned -25300 after 0.00s
2026-09-26T12:22:48Z build=1 pid=6229 keychain: no item yet, created it, status=0
2026-09-26T12:22:48Z build=1 pid=6229 sparkle: appcast loaded, items=[]
2026-09-26T12:22:48Z build=1 pid=6229 sparkle: allowedChannels=[]
2026-09-26T12:22:48Z build=1 pid=6229 sparkle: no update found (You’re up to date!)
2026-09-26T12:22:48Z build=1 pid=6229 DONE no newer update for this build
2026-09-26T12:22:49Z build=1 pid=6239 launched from /Applications/SparkleProbe.app
2026-09-26T12:22:49Z build=1 pid=6239 signature: cdhash=006745f3820d45ed21d26d6df805b19cd5c617ba team=none adhoc=true
2026-09-26T12:22:49Z build=1 pid=6239 signature: valid=true status=0
2026-09-26T12:22:49Z build=1 pid=6239 quarantine: none on /Applications/SparkleProbe.app
2026-09-26T12:22:49Z build=1 pid=6239 sparkle: allowedChannels=[]
2026-09-26T12:22:49Z build=1 pid=6239 keychain: SecItemCopyMatching returned 0 after 0.01s
2026-09-26T12:22:49Z build=1 pid=6239 keychain: read OK without prompting, value=written-by-build-1
2026-09-26T12:22:49Z build=1 pid=6239 sparkle: allowedChannels=[]
2026-09-26T12:22:49Z build=1 pid=6239 driver: checking
2026-09-26T12:22:49Z build=1 pid=6239 sparkle: appcast loaded, items=[]
2026-09-26T12:22:49Z build=1 pid=6239 sparkle: allowedChannels=[]
2026-09-26T12:22:49Z build=1 pid=6239 sparkle: no update found (You’re up to date!)
2026-09-26T12:22:49Z build=1 pid=6239 DONE no newer update for this build
--- after: installed build 1
Signature=adhoc
TeamIdentifier=not set
--- after: xattrs on the installed app: com.apple.provenance 
