2026-09-26 13:22:03.583 E  Autoupdate[5774:1dec33] [org.sparkle-project.Sparkle:Sparkle] Error: bookmark data for update download is stale.. but still continuing.
2026-09-26 13:22:03.806 Df Autoupdate[5774:1dec33] [org.sparkle-project.Sparkle:Sparkle] OK: EdDSA signature is correct for update
2026-09-26 13:22:03.807 E  Autoupdate[5774:1dec33] [org.sparkle-project.Sparkle:Sparkle] Code signature of the new version doesn't match the old version: cdhash H"6d0aee7f2a31855edf3be2dd75b489b55c8ecf77". Please ensure that old and new app is signed using exactly the same certificate.
2026-09-26 13:22:03.807 Df Autoupdate[5774:1dec33] [org.sparkle-project.Sparkle:Sparkle] old info: {
2026-09-26 13:22:03.807 Df Autoupdate[5774:1dec33] [org.sparkle-project.Sparkle:Sparkle] new info: {
2026-09-26 13:22:05.871 E  Autoupdate[5854:1dedbd] [org.sparkle-project.Sparkle:Sparkle] Error: bookmark data for update download is stale.. but still continuing.
2026-09-26 13:22:06.148 Df Autoupdate[5854:1dedbd] [org.sparkle-project.Sparkle:Sparkle] OK: EdDSA signature is correct for update
2026-09-26 13:22:06.149 E  Autoupdate[5854:1dedbd] [org.sparkle-project.Sparkle:Sparkle] Code signature of the new version doesn't match the old version: cdhash H"10ded68974faf8d86463db0793cc1e5d5eee1d02". Please ensure that old and new app is signed using exactly the same certificate.
2026-09-26 13:22:06.149 Df Autoupdate[5854:1dedbd] [org.sparkle-project.Sparkle:Sparkle] old info: {
2026-09-26 13:22:06.149 Df Autoupdate[5854:1dedbd] [org.sparkle-project.Sparkle:Sparkle] new info: {
2026-09-26 13:22:07.912 E  Autoupdate[5908:1deea3] [org.sparkle-project.Sparkle:Sparkle] Error: bookmark data for update download is stale.. but still continuing.
2026-09-26 13:22:08.168 E  Autoupdate[5908:1deea3] [org.sparkle-project.Sparkle:Sparkle] EdDSA signature does not match. Data of the update being checked is different than data that has been signed, or the public key and the private key are not from the same set. The downloaded update (F8601398-C6FE-4E13-89FE-1AE4B211F73A.dmg) is likely not signed correctly because the file has the expected content length (1231894 bytes) and CFBundleVersion (2) which matches the appcast item.
2026-09-26 13:22:08.169 E  Autoupdate[5908:1deea3] [org.sparkle-project.Sparkle:Sparkle] Code signature of the new version doesn't match the old version: cdhash H"6d0aee7f2a31855edf3be2dd75b489b55c8ecf77". Please ensure that old and new app is signed using exactly the same certificate.
2026-09-26 13:22:08.169 Df Autoupdate[5908:1deea3] [org.sparkle-project.Sparkle:Sparkle] old info: {
2026-09-26 13:22:08.169 Df Autoupdate[5908:1deea3] [org.sparkle-project.Sparkle:Sparkle] new info: {
2026-09-26 13:22:08.171 E  Autoupdate[5908:1deea3] [org.sparkle-project.Sparkle:Sparkle] EdDSA signature does not match. Data of the update being checked is different than data that has been signed, or the public key and the private key are not from the same set. The downloaded update (F8601398-C6FE-4E13-89FE-1AE4B211F73A.dmg) is likely not signed correctly because the file has the expected content length (1231894 bytes) and CFBundleVersion (2) which matches the appcast item.
2026-09-26 13:22:08.171 E  Autoupdate[5908:1deea3] [org.sparkle-project.Sparkle:Sparkle] Error: Update validation was a failure (null) (URL (null))
2026-09-26 13:22:08.171 E  Autoupdate[5908:1deea3] [org.sparkle-project.Sparkle:Sparkle] Error: The update has a public (Ed)DSA key, but the public key shipped with the update doesn't match the signature. To prevent future problems, the update will be rejected. (null) (URL (null))
2026-09-26 13:22:08.172 E  Autoupdate[5908:1deea3] [org.sparkle-project.Sparkle:Sparkle] Error: EdDSA signature does not match. Data of the update being checked is different than data that has been signed, or the public key and the private key are not from the same set. The downloaded update (F8601398-C6FE-4E13-89FE-1AE4B211F73A.dmg) is likely not signed correctly because the file has the expected content length (1231894 bytes) and CFBundleVersion (2) which matches the appcast item. (null) (URL (null))
2026-09-26 13:22:08.172 E  Updater[5909:1deea4] [org.sparkle-project.Sparkle:Sparkle] Agent failed..
2026-09-26 13:22:08.172 E  Updater[5909:1deea4] [org.sparkle-project.Sparkle:Sparkle] Error: Error: Agent Invalidating without having the chance to reply to installer (null) (URL (null))
2026-09-26 13:22:50.307 E  Autoupdate[6281:1df872] [org.sparkle-project.Sparkle:Sparkle] Error: bookmark data for update download is stale.. but still continuing.
2026-09-26 13:22:50.567 Df Autoupdate[6281:1df872] [org.sparkle-project.Sparkle:Sparkle] OK: EdDSA signature is correct for update
2026-09-26 13:22:50.568 E  Autoupdate[6281:1df872] [org.sparkle-project.Sparkle:Sparkle] Code signature of the new version doesn't match the old version: cdhash H"006745f3820d45ed21d26d6df805b19cd5c617ba". Please ensure that old and new app is signed using exactly the same certificate.
2026-09-26 13:22:50.568 Df Autoupdate[6281:1df872] [org.sparkle-project.Sparkle:Sparkle] old info: {
2026-09-26 13:22:50.569 Df Autoupdate[6281:1df872] [org.sparkle-project.Sparkle:Sparkle] new info: {
2026-09-26 13:22:59.666 E  Autoupdate[6372:1dfa84] [org.sparkle-project.Sparkle:Sparkle] Error: bookmark data for update download is stale.. but still continuing.
2026-09-26 13:22:59.952 Df Autoupdate[6372:1dfa84] [org.sparkle-project.Sparkle:Sparkle] OK: EdDSA signature is correct for update
2026-09-26 13:22:59.953 E  Autoupdate[6372:1dfa84] [org.sparkle-project.Sparkle:Sparkle] Code signature of the new version doesn't match the old version: cdhash H"efb4aecaa92f78272ebbb4a58d0116a557c0277c". Please ensure that old and new app is signed using exactly the same certificate.
2026-09-26 13:22:59.953 Df Autoupdate[6372:1dfa84] [org.sparkle-project.Sparkle:Sparkle] old info: {
2026-09-26 13:22:59.953 Df Autoupdate[6372:1dfa84] [org.sparkle-project.Sparkle:Sparkle] new info: {
2026-09-26 13:23:07.762 E  Autoupdate[6462:1dfcc8] [org.sparkle-project.Sparkle:Sparkle] Error: bookmark data for update download is stale.. but still continuing.
2026-09-26 13:23:07.975 E  Autoupdate[6462:1dfcc8] [org.sparkle-project.Sparkle:Sparkle] EdDSA signature does not match. Data of the update being checked is different than data that has been signed, or the public key and the private key are not from the same set. The downloaded update (FD5142C8-8DA4-4D05-982E-180AD4B88692.dmg) is likely not signed correctly because the file has the expected content length (1231848 bytes) and CFBundleVersion (2) which matches the appcast item.
2026-09-26 13:23:07.976 E  Autoupdate[6462:1dfcc8] [org.sparkle-project.Sparkle:Sparkle] Code signature of the new version doesn't match the old version: cdhash H"006745f3820d45ed21d26d6df805b19cd5c617ba". Please ensure that old and new app is signed using exactly the same certificate.
2026-09-26 13:23:07.976 Df Autoupdate[6462:1dfcc8] [org.sparkle-project.Sparkle:Sparkle] old info: {
2026-09-26 13:23:07.976 Df Autoupdate[6462:1dfcc8] [org.sparkle-project.Sparkle:Sparkle] new info: {
2026-09-26 13:23:07.978 E  Autoupdate[6462:1dfcc8] [org.sparkle-project.Sparkle:Sparkle] EdDSA signature does not match. Data of the update being checked is different than data that has been signed, or the public key and the private key are not from the same set. The downloaded update (FD5142C8-8DA4-4D05-982E-180AD4B88692.dmg) is likely not signed correctly because the file has the expected content length (1231848 bytes) and CFBundleVersion (2) which matches the appcast item.
2026-09-26 13:23:07.978 E  Autoupdate[6462:1dfcc8] [org.sparkle-project.Sparkle:Sparkle] Error: Update validation was a failure (null) (URL (null))
2026-09-26 13:23:07.978 E  Autoupdate[6462:1dfcc8] [org.sparkle-project.Sparkle:Sparkle] Error: The update has a public (Ed)DSA key, but the public key shipped with the update doesn't match the signature. To prevent future problems, the update will be rejected. (null) (URL (null))
2026-09-26 13:23:07.978 E  Autoupdate[6462:1dfcc8] [org.sparkle-project.Sparkle:Sparkle] Error: EdDSA signature does not match. Data of the update being checked is different than data that has been signed, or the public key and the private key are not from the same set. The downloaded update (FD5142C8-8DA4-4D05-982E-180AD4B88692.dmg) is likely not signed correctly because the file has the expected content length (1231848 bytes) and CFBundleVersion (2) which matches the appcast item. (null) (URL (null))
2026-09-26 13:23:07.978 E  Updater[6463:1dfcc9] [org.sparkle-project.Sparkle:Sparkle] Agent failed..
2026-09-26 13:23:07.978 E  Updater[6463:1dfcc9] [org.sparkle-project.Sparkle:Sparkle] Error: Error: Agent Invalidating without having the chance to reply to installer (null) (URL (null))
2026-09-26 13:23:07.979 E  SparkleProbe[6449:1dfc7c] [org.sparkle-project.Sparkle:Sparkle] Error: The update is improperly signed and could not be validated. Please try again later or contact the app developer. (null) (URL (null))
2026-09-26 13:23:07.979 E  SparkleProbe[6449:1dfc7c] [org.sparkle-project.Sparkle:Sparkle] Error: Update validation was a failure (null) (URL (null))
2026-09-26 13:23:07.979 E  SparkleProbe[6449:1dfc7c] [org.sparkle-project.Sparkle:Sparkle] Error: The update has a public (Ed)DSA key, but the public key shipped with the update doesn't match the signature. To prevent future problems, the update will be rejected. (null) (URL (null))
2026-09-26 13:23:07.979 E  SparkleProbe[6449:1dfc7c] [org.sparkle-project.Sparkle:Sparkle] Error: EdDSA signature does not match. Data of the update being checked is different than data that has been signed, or the public key and the private key are not from the same set. The downloaded update (FD5142C8-8DA4-4D05-982E-180AD4B88692.dmg) is likely not signed correctly because the file has the expected content length (1231848 bytes) and CFBundleVersion (2) which matches the appcast item. (null) (URL (null))
