2026-09-26T12:23:07Z build=1 pid=6449 launched from /Applications/SparkleProbe.app
2026-09-26T12:23:07Z build=1 pid=6449 signature: cdhash=006745f3820d45ed21d26d6df805b19cd5c617ba team=none adhoc=true
2026-09-26T12:23:07Z build=1 pid=6449 signature: valid=true status=0
2026-09-26T12:23:07Z build=1 pid=6449 quarantine: none on /Applications/SparkleProbe.app
2026-09-26T12:23:07Z build=1 pid=6449 sparkle: allowedChannels=[]
2026-09-26T12:23:07Z build=1 pid=6449 sparkle: allowedChannels=[]
2026-09-26T12:23:07Z build=1 pid=6449 driver: checking
2026-09-26T12:23:07Z build=1 pid=6449 sparkle: appcast loaded, items=["2[default]"]
2026-09-26T12:23:07Z build=1 pid=6449 sparkle: allowedChannels=[]
2026-09-26T12:23:07Z build=1 pid=6449 sparkle: found update build=2 channel=default
2026-09-26T12:23:07Z build=1 pid=6449 driver: update found build=2 -> install
2026-09-26T12:23:07Z build=1 pid=6449 driver: downloading
2026-09-26T12:23:07Z build=1 pid=6449 driver: extracting
2026-09-26T12:23:07Z build=1 pid=6449 driver: ERROR The update is improperly signed and could not be validated. Please try again later or contact the app developer.
2026-09-26T12:23:07Z build=1 pid=6449 sparkle: ABORTED SUSparkleErrorDomain#4005 The update is improperly signed and could not be validated. Please try again later or contact the app developer. underlying=SUSparkleErrorDomain#10 Update validation was a failure
2026-09-26T12:23:16Z build=1 pid=6449 keychain: SecItemCopyMatching returned 0 after 8.37s
2026-09-26T12:23:16Z build=1 pid=6449 keychain: read OK without prompting, value=written-by-build-1
2026-09-26T12:23:16Z build=1 pid=6449 DONE updater error
--- after: installed build 1
Signature=adhoc
TeamIdentifier=not set
--- after: xattrs on the installed app: com.apple.provenance 
