2026-09-26T12:24:56Z build=1 pid=7221 launched from /Applications/SparkleProbe.app
2026-09-26T12:24:56Z build=1 pid=7221 signature: cdhash=cabcf34714217537b8ccc922d496a4f96b77ef07 team=none adhoc=true
2026-09-26T12:24:56Z build=1 pid=7221 signature: valid=true status=0
2026-09-26T12:24:56Z build=1 pid=7221 quarantine: none on /Applications/SparkleProbe.app
2026-09-26T12:24:56Z build=1 pid=7221 sparkle: allowedChannels=[]
2026-09-26T12:24:56Z build=1 pid=7221 sparkle: allowedChannels=[]
2026-09-26T12:24:56Z build=1 pid=7221 keychain: SecItemCopyMatching returned -25300 after 0.00s
2026-09-26T12:24:56Z build=1 pid=7221 driver: checking
2026-09-26T12:24:56Z build=1 pid=7221 keychain: no item yet, created it, status=0
2026-09-26T12:24:56Z build=1 pid=7221 sparkle: appcast loaded, items=[]
2026-09-26T12:24:56Z build=1 pid=7221 sparkle: allowedChannels=[]
2026-09-26T12:24:56Z build=1 pid=7221 sparkle: no update found (You’re up to date!)
2026-09-26T12:24:56Z build=1 pid=7221 DONE no newer update for this build
2026-09-26T12:24:57Z build=1 pid=7228 launched from /Applications/SparkleProbe.app
2026-09-26T12:24:57Z build=1 pid=7228 signature: cdhash=cabcf34714217537b8ccc922d496a4f96b77ef07 team=none adhoc=true
2026-09-26T12:24:57Z build=1 pid=7228 signature: valid=true status=0
2026-09-26T12:24:57Z build=1 pid=7228 quarantine: none on /Applications/SparkleProbe.app
2026-09-26T12:24:57Z build=1 pid=7228 sparkle: allowedChannels=[]
2026-09-26T12:24:57Z build=1 pid=7228 keychain: SecItemCopyMatching returned 0 after 0.01s
2026-09-26T12:24:57Z build=1 pid=7228 keychain: read OK without prompting, value=written-by-build-1
2026-09-26T12:24:57Z build=1 pid=7228 sparkle: allowedChannels=[]
2026-09-26T12:24:57Z build=1 pid=7228 driver: checking
2026-09-26T12:24:57Z build=1 pid=7228 sparkle: appcast loaded, items=[]
2026-09-26T12:24:57Z build=1 pid=7228 sparkle: allowedChannels=[]
2026-09-26T12:24:57Z build=1 pid=7228 sparkle: no update found (You’re up to date!)
2026-09-26T12:24:57Z build=1 pid=7228 DONE no newer update for this build
--- after: installed build 1
Signature=adhoc
TeamIdentifier=not set
--- after: xattrs on the installed app: com.apple.provenance 
